******************************************************************************
             TMS320C2000 Linker PC v16.9.2                     
******************************************************************************
>> Linked Mon Oct 01 22:04:50 2018

OUTPUT FILE NAME:   <../sinPWM_3f_mukdik.out>
ENTRY POINT SYMBOL: "_c_int00"  address: 0000d77c


MEMORY CONFIGURATION

         name            origin    length      used     unused   attr    fill
----------------------  --------  ---------  --------  --------  ----  --------
PAGE 0:
  BEGINRAM              00000000   00000002  00000002  00000000  RWIX
  PRAM                  00008800   00005800  0000524e  000005b2  RWIX
  OTP                   003d7800   000003fa  00000000  000003fa  RWIX
  FLASH                 003d8000   0001fff0  00000000  0001fff0  RWIX
  BEGINFLASH            003f7ff6   00000002  00000000  00000002  RWIX
  CSM_PWL               003f7ff8   00000008  00000000  00000008  RWIX
  FPUTABLES             003fd860   000006a0  00000000  000006a0  RWIX
  IQTABLES              003fdf00   00000b50  00000000  00000b50  RWIX
  IQTABLES2             003fea50   0000008c  00000000  0000008c  RWIX
  IQTABLES3             003feadc   000000aa  00000000  000000aa  RWIX
  BOOTROM               003ff3b0   00000c10  00000000  00000c10  RWIX
  RESET                 003fffc0   00000002  00000000  00000002  RWIX
  VECTORS               003fffc2   0000003e  00000000  0000003e  RWIX

PAGE 1:
  RAMM0M1               00000002   000007fe  00000200  000005fe  RWIX
  DEV_EMU               00000880   00000105  00000004  00000101  RWIX
  SYS_PWR_CTL           00000985   00000003  00000003  00000000  RWIX
  FLASH_REGS            00000a80   00000060  00000008  00000058  RWIX
  CSM                   00000ae0   00000020  00000010  00000010  RWIX
  ADC_RESULT            00000b00   00000020  00000010  00000010  RWIX
  CPU_TIMER0            00000c00   00000008  00000008  00000000  RWIX
  CPU_TIMER1            00000c08   00000008  00000008  00000000  RWIX
  CPU_TIMER2            00000c10   00000008  00000008  00000000  RWIX
  PIE_CTRL              00000ce0   00000020  0000001a  00000006  RWIX
  PIE_VECT              00000d00   00000100  00000100  00000000  RWIX
  DMA                   00001000   00000200  000000e0  00000120  RWIX
  CLA1                  00001400   00000080  00000040  00000040  RWIX
  USB0                  00004000   00001000  00000454  00000bac  RWIX
  McBSPA                00005000   00000040  00000024  0000001c  RWIX
  ECANA                 00006000   00000040  00000034  0000000c  RWIX
  ECANA_LAM             00006040   00000040  00000040  00000000  RWIX
  ECANA_MOTS            00006080   00000040  00000040  00000000  RWIX
  ECANA_MOTO            000060c0   00000040  00000040  00000000  RWIX
  ECANA_MBOX            00006100   00000100  00000100  00000000  RWIX
  COMP1                 00006400   00000020  00000014  0000000c  RWIX
  COMP2                 00006420   00000020  00000014  0000000c  RWIX
  COMP3                 00006440   00000020  00000014  0000000c  RWIX
  EPWM1                 00006800   00000040  00000040  00000000  RWIX
  EPWM2                 00006840   00000040  00000040  00000000  RWIX
  EPWM3                 00006880   00000040  00000040  00000000  RWIX
  EPWM4                 000068c0   00000040  00000040  00000000  RWIX
  EPWM5                 00006900   00000040  00000040  00000000  RWIX
  EPWM6                 00006940   00000040  00000040  00000000  RWIX
  EPWM7                 00006980   00000040  00000040  00000000  RWIX
  EPWM8                 000069c0   00000040  00000040  00000000  RWIX
  ECAP1                 00006a00   00000020  00000020  00000000  RWIX
  ECAP2                 00006a20   00000020  00000020  00000000  RWIX
  ECAP3                 00006a40   00000020  00000020  00000000  RWIX
  HRCAP1                00006ac0   00000020  00000020  00000000  RWIX
  HRCAP2                00006ae0   00000020  00000020  00000000  RWIX
  EQEP1                 00006b00   00000040  00000022  0000001e  RWIX
  EQEP2                 00006b40   00000040  00000022  0000001e  RWIX
  HRCAP3                00006c80   00000020  00000020  00000000  RWIX
  HRCAP4                00006ca0   00000020  00000020  00000000  RWIX
  GPIOCTRL              00006f80   00000040  00000040  00000000  RWIX
  GPIODAT               00006fc0   00000020  00000020  00000000  RWIX
  GPIOINT               00006fe0   00000020  00000020  00000000  RWIX
  SYSTEM                00007010   00000030  00000030  00000000  RWIX
  SPIA                  00007040   00000010  00000010  00000000  RWIX
  SCIA                  00007050   00000010  00000010  00000000  RWIX
  NMIINTRUPT            00007060   00000010  00000010  00000000  RWIX
  XINTRUPT              00007070   00000010  00000010  00000000  RWIX
  ADC                   00007100   00000080  00000050  00000030  RWIX
  SPIB                  00007740   00000010  00000010  00000000  RWIX
  SCIB                  00007750   00000010  00000010  00000000  RWIX
  I2CA                  00007900   00000040  00000022  0000001e  RWIX
  DRAM                  0000e000   00006000  000041b6  00001e4a  RWIX
  PARTID                003d7e80   00000001  00000001  00000000  RWIX
  CSM_PWL               003f7ff8   00000008  00000008  00000000  RWIX


SECTION ALLOCATION MAP

 output                                  attributes/
section   page    origin      length       input sections
--------  ----  ----------  ----------   ----------------
codestart 
*          0    00000000    00000002     
                  00000000    00000002     F2806x_CodeStartBranch.obj (codestart)

.cinit     0    00008800    0000409a     
                  00008800    0000406e     sinPWM_3f_mukdik_data.obj (.cinit)
                  0000c86e    00000012     ert_main.obj (.cinit)
                  0000c880    0000000e     rts2800_fpu32.lib : exit.obj (.cinit)
                  0000c88e    00000005                       : _lock.obj (.cinit:__lock)
                  0000c893    00000005                       : _lock.obj (.cinit:__unlock)
                  0000c898    00000002     --HOLE-- [fill = 0]

.text      0    0000c89a    000011b0     
                  0000c89a    0000039b     F2806x_DefaultIsr.obj (.text:retain)
                  0000cc35    00000366     sinPWM_3f_mukdik.obj (.text)
                  0000cf9b    0000023a     F2806x_Adc.obj (.text)
                  0000d1d5    0000018c     F2806x_SysCtrl.obj (.text)
                  0000d361    00000107     rts2800_fpu32.lib : ll_div28.obj (.text)
                  0000d468    000000c9                       : e_fmodf.obj (.text)
                  0000d531    00000088                       : fs_div28.obj (.text)
                  0000d5b9    00000082     ert_main.obj (.text)
                  0000d63b    00000076     F2806x_CpuTimers.obj (.text)
                  0000d6b1    00000074     rt_nonfinite.obj (.text)
                  0000d725    00000057     rts2800_fpu32.lib : s_floorf.obj (.text)
                  0000d77c    00000056                       : boot28.obj (.text)
                  0000d7d2    00000044     c2806xSchedulerTimer0.obj (.text:retain)
                  0000d816    00000044     rtGetInf.obj (.text)
                  0000d85a    0000003d     c2806xSchedulerTimer0.obj (.text)
                  0000d897    00000037     MW_c28xx_board.obj (.text)
                  0000d8ce    0000002e     MW_c28xx_adc.obj (.text)
                  0000d8fc    0000002a     rtGetNaN.obj (.text)
                  0000d926    00000029     rts2800_fpu32.lib : exit.obj (.text)
                  0000d94f    00000028     F2806x_PieCtrl.obj (.text)
                  0000d977    00000026     F2806x_PieVect.obj (.text)
                  0000d99d    00000024     rts2800_fpu32.lib : cpy_tbl.obj (.text)
                  0000d9c1    00000020     MW_c28xx_pwm.obj (.text)
                  0000d9e1    0000001e     rts2800_fpu32.lib : memcpy.obj (.text)
                  0000d9ff    00000019                       : args_main.obj (.text)
                  0000da18    00000014                       : ll_mpy28.obj (.text)
                  0000da2c    00000009                       : _lock.obj (.text)
                  0000da35    00000008     F2806x_CodeStartBranch.obj (.text)
                  0000da3d    00000008     c2806xBoard_Realtime_Support.obj (.text)
                  0000da45    00000002     blapp_support.obj (.text)
                  0000da47    00000002     rts2800_fpu32.lib : pre_init.obj (.text)
                  0000da49    00000001                       : startup.obj (.text)

ramfuncs   0    0000da4a    00000004     
                  0000da4a    00000004     F2806x_usDelay.obj (ramfuncs)

.stack     1    00000002    00000200     UNINITIALIZED
                  00000002    00000200     --HOLE--

DevEmuRegsFile 
*          1    00000880    00000004     UNINITIALIZED
                  00000880    00000004     F2806x_GlobalVariableDefs.obj (DevEmuRegsFile)

SysPwrCtrlRegsFile 
*          1    00000985    00000003     UNINITIALIZED
                  00000985    00000003     F2806x_GlobalVariableDefs.obj (SysPwrCtrlRegsFile)

FlashRegsFile 
*          1    00000a80    00000008     UNINITIALIZED
                  00000a80    00000008     F2806x_GlobalVariableDefs.obj (FlashRegsFile)

CsmRegsFile 
*          1    00000ae0    00000010     UNINITIALIZED
                  00000ae0    00000010     F2806x_GlobalVariableDefs.obj (CsmRegsFile)

AdcResultFile 
*          1    00000b00    00000010     UNINITIALIZED
                  00000b00    00000010     F2806x_GlobalVariableDefs.obj (AdcResultFile)

CpuTimer0RegsFile 
*          1    00000c00    00000008     UNINITIALIZED
                  00000c00    00000008     F2806x_GlobalVariableDefs.obj (CpuTimer0RegsFile)

CpuTimer1RegsFile 
*          1    00000c08    00000008     UNINITIALIZED
                  00000c08    00000008     F2806x_GlobalVariableDefs.obj (CpuTimer1RegsFile)

CpuTimer2RegsFile 
*          1    00000c10    00000008     UNINITIALIZED
                  00000c10    00000008     F2806x_GlobalVariableDefs.obj (CpuTimer2RegsFile)

PieCtrlRegsFile 
*          1    00000ce0    0000001a     UNINITIALIZED
                  00000ce0    0000001a     F2806x_GlobalVariableDefs.obj (PieCtrlRegsFile)

PieVectTableFile 
*          1    00000d00    00000100     UNINITIALIZED
                  00000d00    00000100     F2806x_GlobalVariableDefs.obj (PieVectTableFile)

EmuKeyVar 
*          1    00000d00    00000001     UNINITIALIZED
                  00000d00    00000001     F2806x_GlobalVariableDefs.obj (EmuKeyVar)

EmuBModeVar 
*          1    00000d01    00000001     UNINITIALIZED
                  00000d01    00000001     F2806x_GlobalVariableDefs.obj (EmuBModeVar)

FlashCallbackVar 
*          1    00000d02    00000002     UNINITIALIZED
                  00000d02    00000002     F2806x_GlobalVariableDefs.obj (FlashCallbackVar)

FlashScalingVar 
*          1    00000d04    00000002     UNINITIALIZED
                  00000d04    00000002     F2806x_GlobalVariableDefs.obj (FlashScalingVar)

DmaRegsFile 
*          1    00001000    000000e0     UNINITIALIZED
                  00001000    000000e0     F2806x_GlobalVariableDefs.obj (DmaRegsFile)

Cla1RegsFile 
*          1    00001400    00000040     UNINITIALIZED
                  00001400    00000040     F2806x_GlobalVariableDefs.obj (Cla1RegsFile)

Usb0RegsFile 
*          1    00004000    00000454     UNINITIALIZED
                  00004000    00000454     F2806x_GlobalVariableDefs.obj (Usb0RegsFile)

McbspaRegsFile 
*          1    00005000    00000024     UNINITIALIZED
                  00005000    00000024     F2806x_GlobalVariableDefs.obj (McbspaRegsFile)

ECanaRegsFile 
*          1    00006000    00000034     UNINITIALIZED
                  00006000    00000034     F2806x_GlobalVariableDefs.obj (ECanaRegsFile)

ECanaLAMRegsFile 
*          1    00006040    00000040     UNINITIALIZED
                  00006040    00000040     F2806x_GlobalVariableDefs.obj (ECanaLAMRegsFile)

ECanaMOTSRegsFile 
*          1    00006080    00000040     UNINITIALIZED
                  00006080    00000040     F2806x_GlobalVariableDefs.obj (ECanaMOTSRegsFile)

ECanaMOTORegsFile 
*          1    000060c0    00000040     UNINITIALIZED
                  000060c0    00000040     F2806x_GlobalVariableDefs.obj (ECanaMOTORegsFile)

ECanaMboxesFile 
*          1    00006100    00000100     UNINITIALIZED
                  00006100    00000100     F2806x_GlobalVariableDefs.obj (ECanaMboxesFile)

Comp1RegsFile 
*          1    00006400    00000014     UNINITIALIZED
                  00006400    00000014     F2806x_GlobalVariableDefs.obj (Comp1RegsFile)

Comp2RegsFile 
*          1    00006420    00000014     UNINITIALIZED
                  00006420    00000014     F2806x_GlobalVariableDefs.obj (Comp2RegsFile)

Comp3RegsFile 
*          1    00006440    00000014     UNINITIALIZED
                  00006440    00000014     F2806x_GlobalVariableDefs.obj (Comp3RegsFile)

EPwm1RegsFile 
*          1    00006800    00000040     UNINITIALIZED
                  00006800    00000040     F2806x_GlobalVariableDefs.obj (EPwm1RegsFile)

EPwm2RegsFile 
*          1    00006840    00000040     UNINITIALIZED
                  00006840    00000040     F2806x_GlobalVariableDefs.obj (EPwm2RegsFile)

EPwm3RegsFile 
*          1    00006880    00000040     UNINITIALIZED
                  00006880    00000040     F2806x_GlobalVariableDefs.obj (EPwm3RegsFile)

EPwm4RegsFile 
*          1    000068c0    00000040     UNINITIALIZED
                  000068c0    00000040     F2806x_GlobalVariableDefs.obj (EPwm4RegsFile)

EPwm5RegsFile 
*          1    00006900    00000040     UNINITIALIZED
                  00006900    00000040     F2806x_GlobalVariableDefs.obj (EPwm5RegsFile)

EPwm6RegsFile 
*          1    00006940    00000040     UNINITIALIZED
                  00006940    00000040     F2806x_GlobalVariableDefs.obj (EPwm6RegsFile)

EPwm7RegsFile 
*          1    00006980    00000040     UNINITIALIZED
                  00006980    00000040     F2806x_GlobalVariableDefs.obj (EPwm7RegsFile)

EPwm8RegsFile 
*          1    000069c0    00000040     UNINITIALIZED
                  000069c0    00000040     F2806x_GlobalVariableDefs.obj (EPwm8RegsFile)

ECap1RegsFile 
*          1    00006a00    00000020     UNINITIALIZED
                  00006a00    00000020     F2806x_GlobalVariableDefs.obj (ECap1RegsFile)

ECap2RegsFile 
*          1    00006a20    00000020     UNINITIALIZED
                  00006a20    00000020     F2806x_GlobalVariableDefs.obj (ECap2RegsFile)

ECap3RegsFile 
*          1    00006a40    00000020     UNINITIALIZED
                  00006a40    00000020     F2806x_GlobalVariableDefs.obj (ECap3RegsFile)

HRCap1RegsFile 
*          1    00006ac0    00000020     UNINITIALIZED
                  00006ac0    00000020     F2806x_GlobalVariableDefs.obj (HRCap1RegsFile)

HRCap2RegsFile 
*          1    00006ae0    00000020     UNINITIALIZED
                  00006ae0    00000020     F2806x_GlobalVariableDefs.obj (HRCap2RegsFile)

EQep1RegsFile 
*          1    00006b00    00000022     UNINITIALIZED
                  00006b00    00000022     F2806x_GlobalVariableDefs.obj (EQep1RegsFile)

EQep2RegsFile 
*          1    00006b40    00000022     UNINITIALIZED
                  00006b40    00000022     F2806x_GlobalVariableDefs.obj (EQep2RegsFile)

HRCap3RegsFile 
*          1    00006c80    00000020     UNINITIALIZED
                  00006c80    00000020     F2806x_GlobalVariableDefs.obj (HRCap3RegsFile)

HRCap4RegsFile 
*          1    00006ca0    00000020     UNINITIALIZED
                  00006ca0    00000020     F2806x_GlobalVariableDefs.obj (HRCap4RegsFile)

GpioCtrlRegsFile 
*          1    00006f80    00000040     UNINITIALIZED
                  00006f80    00000040     F2806x_GlobalVariableDefs.obj (GpioCtrlRegsFile)

GpioDataRegsFile 
*          1    00006fc0    00000020     UNINITIALIZED
                  00006fc0    00000020     F2806x_GlobalVariableDefs.obj (GpioDataRegsFile)

GpioIntRegsFile 
*          1    00006fe0    00000020     UNINITIALIZED
                  00006fe0    00000020     F2806x_GlobalVariableDefs.obj (GpioIntRegsFile)

SysCtrlRegsFile 
*          1    00007010    00000030     UNINITIALIZED
                  00007010    00000030     F2806x_GlobalVariableDefs.obj (SysCtrlRegsFile)

SpiaRegsFile 
*          1    00007040    00000010     UNINITIALIZED
                  00007040    00000010     F2806x_GlobalVariableDefs.obj (SpiaRegsFile)

SciaRegsFile 
*          1    00007050    00000010     UNINITIALIZED
                  00007050    00000010     F2806x_GlobalVariableDefs.obj (SciaRegsFile)

NmiIntruptRegsFile 
*          1    00007060    00000010     UNINITIALIZED
                  00007060    00000010     F2806x_GlobalVariableDefs.obj (NmiIntruptRegsFile)

XIntruptRegsFile 
*          1    00007070    00000010     UNINITIALIZED
                  00007070    00000010     F2806x_GlobalVariableDefs.obj (XIntruptRegsFile)

AdcRegsFile 
*          1    00007100    00000050     UNINITIALIZED
                  00007100    00000050     F2806x_GlobalVariableDefs.obj (AdcRegsFile)

SpibRegsFile 
*          1    00007740    00000010     UNINITIALIZED
                  00007740    00000010     F2806x_GlobalVariableDefs.obj (SpibRegsFile)

ScibRegsFile 
*          1    00007750    00000010     UNINITIALIZED
                  00007750    00000010     F2806x_GlobalVariableDefs.obj (ScibRegsFile)

I2caRegsFile 
*          1    00007900    00000022     UNINITIALIZED
                  00007900    00000022     F2806x_GlobalVariableDefs.obj (I2caRegsFile)

.bss       1    0000e000    00000000     UNINITIALIZED

.ebss      1    0000e000    000040aa     UNINITIALIZED
                  0000e000    0000406c     sinPWM_3f_mukdik_data.obj (.ebss)
                  0001206c    0000000c     rt_nonfinite.obj (.ebss)
                  00012078    00000006     ert_main.obj (.ebss)
                  0001207e    00000002     rts2800_fpu32.lib : _lock.obj (.ebss:__lock)
                  00012080    00000018     F2806x_CpuTimers.obj (.ebss)
                  00012098    0000000a     sinPWM_3f_mukdik.obj (.ebss)
                  000120a2    00000006     rts2800_fpu32.lib : exit.obj (.ebss)
                  000120a8    00000002                       : _lock.obj (.ebss:__unlock)

.data      1    0000e000    00000000     UNINITIALIZED

.econst    1    000120aa    0000010c     
                  000120aa    00000100     F2806x_PieVect.obj (.econst:_PieVectTableInit)
                  000121aa    00000004     rts2800_fpu32.lib : e_fmodf.obj (.econst:_Zero)
                  000121ae    00000002     rtGetNaN.obj (.econst:_$P$T0$1)
                  000121b0    00000002     rts2800_fpu32.lib : e_fmodf.obj (.econst)
                  000121b2    00000002                       : s_floorf.obj (.econst)
                  000121b4    00000002     sinPWM_3f_mukdik.obj (.econst)

PartIdRegsFile 
*          1    003d7e80    00000001     UNINITIALIZED
                  003d7e80    00000001     F2806x_GlobalVariableDefs.obj (PartIdRegsFile)

CsmPwlFile 
*          1    003f7ff8    00000008     UNINITIALIZED
                  003f7ff8    00000008     F2806x_GlobalVariableDefs.obj (CsmPwlFile)

.pinit     0    00008800    00000000     UNINITIALIZED

.reset     0    003fffc0    00000002     DSECT
                  003fffc0    00000002     rts2800_fpu32.lib : boot28.obj (.reset)

MODULE SUMMARY

       Module                             code   initialized data   uninitialized data
       ------                             ----   ----------------   ------------------
    <current directory>
       sinPWM_3f_mukdik_data.obj          0      16494              16492             
       F2806x_GlobalVariableDefs.obj      0      0                  3550              
       F2806x_DefaultIsr.obj              923    0                  0                 
       sinPWM_3f_mukdik.obj               870    2                  10                
       F2806x_Adc.obj                     570    0                  0                 
       F2806x_SysCtrl.obj                 396    0                  0                 
       F2806x_PieVect.obj                 38     256                0                 
       ert_main.obj                       130    18                 6                 
       F2806x_CpuTimers.obj               118    0                  24                
       c2806xSchedulerTimer0.obj          129    0                  0                 
       rt_nonfinite.obj                   116    0                  12                
       rtGetInf.obj                       68     0                  0                 
       MW_c28xx_board.obj                 55     0                  0                 
       MW_c28xx_adc.obj                   46     0                  0                 
       rtGetNaN.obj                       42     2                  0                 
       F2806x_PieCtrl.obj                 40     0                  0                 
       MW_c28xx_pwm.obj                   32     0                  0                 
       F2806x_CodeStartBranch.obj         10     0                  0                 
       c2806xBoard_Realtime_Support.obj   8      0                  0                 
       F2806x_usDelay.obj                 4      0                  0                 
       blapp_support.obj                  2      0                  0                 
    +--+----------------------------------+------+------------------+--------------------+
       Total:                             3597   16772              20094             
                                                                                      
    C:/PROGRA~3/MATLAB/SUPPOR~1/R2017b/3P778C~1.INS/TIC200~1.INS/TI-CGT~1.LTS/lib/rts2800_fpu32.lib
       ll_div28.obj                       263    0                  0                 
       e_fmodf.obj                        201    6                  0                 
       fs_div28.obj                       136    0                  0                 
       s_floorf.obj                       87     2                  0                 
       boot28.obj                         86     0                  0                 
       exit.obj                           41     14                 6                 
       cpy_tbl.obj                        36     0                  0                 
       memcpy.obj                         30     0                  0                 
       args_main.obj                      25     0                  0                 
       _lock.obj                          9      10                 4                 
       ll_mpy28.obj                       20     0                  0                 
       pre_init.obj                       2      0                  0                 
       startup.obj                        1      0                  0                 
    +--+----------------------------------+------+------------------+--------------------+
       Total:                             937    32                 10                
                                                                                      
       Stack:                             0      0                  512               
    +--+----------------------------------+------+------------------+--------------------+
       Grand Total:                       4534   16804              20616             


GLOBAL DATA SYMBOLS: SORTED BY DATA PAGE

address     data page           name
--------    ----------------    ----
00000002       0 (00000000)     __stack

00000880      22 (00000880)     _DevEmuRegs

00000985      26 (00000980)     _SysPwrCtrlRegs

00000a80      2a (00000a80)     _FlashRegs

00000ae0      2b (00000ac0)     _CsmRegs

00000b00      2c (00000b00)     _AdcResult

00000c00      30 (00000c00)     _CpuTimer0Regs
00000c08      30 (00000c00)     _CpuTimer1Regs
00000c10      30 (00000c00)     _CpuTimer2Regs

00000ce0      33 (00000cc0)     _PieCtrlRegs

00000d00      34 (00000d00)     _EmuKey
00000d00      34 (00000d00)     _PieVectTable
00000d01      34 (00000d00)     _EmuBMode
00000d02      34 (00000d00)     _Flash_CallbackPtr
00000d04      34 (00000d00)     _Flash_CPUScaleFactor

00001000      40 (00001000)     _DmaRegs

00001400      50 (00001400)     _Cla1Regs

00004000     100 (00004000)     _Usb0Regs

00005000     140 (00005000)     _McbspaRegs

00006000     180 (00006000)     _ECanaRegs

00006040     181 (00006040)     _ECanaLAMRegs

00006080     182 (00006080)     _ECanaMOTSRegs

000060c0     183 (000060c0)     _ECanaMOTORegs

00006100     184 (00006100)     _ECanaMboxes

00006400     190 (00006400)     _Comp1Regs
00006420     190 (00006400)     _Comp2Regs

00006440     191 (00006440)     _Comp3Regs

00006800     1a0 (00006800)     _EPwm1Regs

00006840     1a1 (00006840)     _EPwm2Regs

00006880     1a2 (00006880)     _EPwm3Regs

000068c0     1a3 (000068c0)     _EPwm4Regs

00006900     1a4 (00006900)     _EPwm5Regs

00006940     1a5 (00006940)     _EPwm6Regs

00006980     1a6 (00006980)     _EPwm7Regs

000069c0     1a7 (000069c0)     _EPwm8Regs

00006a00     1a8 (00006a00)     _ECap1Regs
00006a20     1a8 (00006a00)     _ECap2Regs

00006a40     1a9 (00006a40)     _ECap3Regs

00006ac0     1ab (00006ac0)     _HRCap1Regs
00006ae0     1ab (00006ac0)     _HRCap2Regs

00006b00     1ac (00006b00)     _EQep1Regs

00006b40     1ad (00006b40)     _EQep2Regs

00006c80     1b2 (00006c80)     _HRCap3Regs
00006ca0     1b2 (00006c80)     _HRCap4Regs

00006f80     1be (00006f80)     _GpioCtrlRegs

00006fc0     1bf (00006fc0)     _GpioDataRegs
00006fe0     1bf (00006fc0)     _GpioIntRegs

00007010     1c0 (00007000)     _SysCtrlRegs

00007040     1c1 (00007040)     _SpiaRegs
00007050     1c1 (00007040)     _SciaRegs
00007060     1c1 (00007040)     _NmiIntruptRegs
00007070     1c1 (00007040)     _XIntruptRegs

00007100     1c4 (00007100)     _AdcRegs

00007740     1dd (00007740)     _SpibRegs
00007750     1dd (00007740)     _ScibRegs

00007900     1e4 (00007900)     _I2caRegs

0000e000     380 (0000e000)     _sinPWM_3f_mukdik_P

0001206c     481 (00012040)     _rtMinusInf
0001206e     481 (00012040)     _rtInf
00012070     481 (00012040)     _rtNaN
00012072     481 (00012040)     _rtMinusInfF
00012074     481 (00012040)     _rtInfF
00012076     481 (00012040)     _rtNaNF
00012078     481 (00012040)     _stopRequested
00012079     481 (00012040)     _IsrOverrun
0001207a     481 (00012040)     _need2runFlags
0001207c     481 (00012040)     _isRateRunning
0001207e     481 (00012040)     __lock

00012080     482 (00012080)     _CpuTimer1
00012088     482 (00012080)     _CpuTimer2
00012090     482 (00012080)     _CpuTimer0
00012098     482 (00012080)     _sinPWM_3f_mukdik_DW
0001209a     482 (00012080)     _sinPWM_3f_mukdik_B
0001209e     482 (00012080)     _sinPWM_3f_mukdik_M_
000120a2     482 (00012080)     ___TI_enable_exit_profile_output
000120a4     482 (00012080)     ___TI_cleanup_ptr
000120a6     482 (00012080)     ___TI_dtors_ptr
000120a8     482 (00012080)     __unlock
000120aa     482 (00012080)     _PieVectTableInit

000121b4     486 (00012180)     _sinPWM_3f_mukdik_M

003d7e80    f5fa (003d7e80)     _PartIdRegs

003f7ff8    fdff (003f7fc0)     _CsmPwl


GLOBAL SYMBOLS: SORTED ALPHABETICALLY BY Name 

page  address   name                                      
----  -------   ----                                      
1     0000e000  .bss                                      
1     0000e000  .data                                     
0     0000c89a  .text                                     
0     0000d926  C$$EXIT                                   
0     0000d531  FS$$DIV                                   
0     0000d361  LL$$DIV                                   
0     0000d39d  LL$$MOD                                   
0     0000da18  LL$$MPY                                   
0     0000d3d7  ULL$$DIV                                  
0     0000d406  ULL$$MOD                                  
0     0000c958  _ADCINT1_ISR                              
0     0000c962  _ADCINT2_ISR                              
0     0000cb6a  _ADCINT3_ISR                              
0     0000cb74  _ADCINT4_ISR                              
0     0000cb7e  _ADCINT5_ISR                              
0     0000cb88  _ADCINT6_ISR                              
0     0000cb92  _ADCINT7_ISR                              
0     0000cb9c  _ADCINT8_ISR                              
0     0000c980  _ADCINT9_ISR                              
0     0000d00f  _AdcChanSelect                            
0     0000d084  _AdcConversion                            
0     0000cfe8  _AdcOffsetSelfCal                         
1     00007100  _AdcRegs                                  
1     00000b00  _AdcResult                                
0     0000cba6  _CLA1_INT1_ISR                            
0     0000cbb0  _CLA1_INT2_ISR                            
0     0000cbba  _CLA1_INT3_ISR                            
0     0000cbc4  _CLA1_INT4_ISR                            
0     0000cbce  _CLA1_INT5_ISR                            
0     0000cbd8  _CLA1_INT6_ISR                            
0     0000cbe2  _CLA1_INT7_ISR                            
0     0000cbec  _CLA1_INT8_ISR                            
1     00001400  _Cla1Regs                                 
1     00006400  _Comp1Regs                                
1     00006420  _Comp2Regs                                
1     00006440  _Comp3Regs                                
0     0000d676  _ConfigCpuTimer                           
1     00012090  _CpuTimer0                                
1     00000c00  _CpuTimer0Regs                            
1     00012080  _CpuTimer1                                
1     00000c08  _CpuTimer1Regs                            
1     00012088  _CpuTimer2                                
1     00000c10  _CpuTimer2Regs                            
1     003f7ff8  _CsmPwl                                   
1     00000ae0  _CsmRegs                                  
0     0000d2da  _CsmUnlock                                
0     0000c8ae  _DATALOG_ISR                              
0     0000cade  _DINTCH1_ISR                              
0     0000cae8  _DINTCH2_ISR                              
0     0000caf2  _DINTCH3_ISR                              
0     0000cafc  _DINTCH4_ISR                              
0     0000cb06  _DINTCH5_ISR                              
0     0000cb10  _DINTCH6_ISR                              
0     0000da4a  _DSP28x_usDelay                           
1     00000880  _DevEmuRegs                               
0     0000d1f9  _DisableDog                               
1     00001000  _DmaRegs                                  
0     0000cb56  _ECAN0INTA_ISR                            
0     0000cb60  _ECAN1INTA_ISR                            
0     0000ca3e  _ECAP1_INT_ISR                            
0     0000ca48  _ECAP2_INT_ISR                            
0     0000ca52  _ECAP3_INT_ISR                            
1     00006040  _ECanaLAMRegs                             
1     000060c0  _ECanaMOTORegs                            
1     00006080  _ECanaMOTSRegs                            
1     00006100  _ECanaMboxes                              
1     00006000  _ECanaRegs                                
1     00006a00  _ECap1Regs                                
1     00006a20  _ECap2Regs                                
1     00006a40  _ECap3Regs                                
0     0000cc14  _EMPTY_ISR                                
0     0000c8c2  _EMUINT_ISR                               
0     0000c9ee  _EPWM1_INT_ISR                            
0     0000c99e  _EPWM1_TZINT_ISR                          
0     0000c9f8  _EPWM2_INT_ISR                            
0     0000c9a8  _EPWM2_TZINT_ISR                          
0     0000ca02  _EPWM3_INT_ISR                            
0     0000c9b2  _EPWM3_TZINT_ISR                          
0     0000ca0c  _EPWM4_INT_ISR                            
0     0000c9bc  _EPWM4_TZINT_ISR                          
0     0000ca16  _EPWM5_INT_ISR                            
0     0000c9c6  _EPWM5_TZINT_ISR                          
0     0000ca20  _EPWM6_INT_ISR                            
0     0000c9d0  _EPWM6_TZINT_ISR                          
0     0000ca2a  _EPWM7_INT_ISR                            
0     0000c9da  _EPWM7_TZINT_ISR                          
0     0000ca34  _EPWM8_INT_ISR                            
0     0000c9e4  _EPWM8_TZINT_ISR                          
1     00006800  _EPwm1Regs                                
1     00006840  _EPwm2Regs                                
1     00006880  _EPwm3Regs                                
1     000068c0  _EPwm4Regs                                
1     00006900  _EPwm5Regs                                
1     00006940  _EPwm6Regs                                
1     00006980  _EPwm7Regs                                
1     000069c0  _EPwm8Regs                                
0     0000ca70  _EQEP1_INT_ISR                            
0     0000ca7a  _EQEP2_INT_ISR                            
1     00006b00  _EQep1Regs                                
1     00006b40  _EQep2Regs                                
1     00000d01  _EmuBMode                                 
1     00000d00  _EmuKey                                   
0     0000d96e  _EnableInterrupts                         
0     0000d34b  _ExtOscSel                                
1     00000a80  _FlashRegs                                
1     00000d04  _Flash_CPUScaleFactor                     
1     00000d02  _Flash_CallbackPtr                        
1     00006f80  _GpioCtrlRegs                             
1     00006fc0  _GpioDataRegs                             
1     00006fe0  _GpioIntRegs                              
0     0000ca5c  _HRCAP1_INT_ISR                           
0     0000ca66  _HRCAP2_INT_ISR                           
0     0000ca84  _HRCAP3_INT_ISR                           
0     0000ca8e  _HRCAP4_INT_ISR                           
1     00006ac0  _HRCap1Regs                               
1     00006ae0  _HRCap2Regs                               
1     00006c80  _HRCap3Regs                               
1     00006ca0  _HRCap4Regs                               
0     0000cb1a  _I2CINT1A_ISR                             
0     0000cb24  _I2CINT2A_ISR                             
1     00007900  _I2caRegs                                 
0     0000c8d6  _ILLEGAL_ISR                              
0     0000c89a  _INT13_ISR                                
0     0000c8a4  _INT14_ISR                                
0     0000cf9b  _InitAdc                                  
0     0000cfc6  _InitAdcAio                               
0     0000d63b  _InitCpuTimers                            
0     0000d284  _InitPeripheralClocks                     
0     0000d94f  _InitPieCtrl                              
0     0000d977  _InitPieVectTable                         
0     0000d201  _InitPll                                  
0     0000d256  _InitPll2                                 
0     0000d1d5  _InitSysCtrl                              
0     0000d30b  _IntOsc1Sel                               
0     0000d31b  _IntOsc2Sel                               
1     00012079  _IsrOverrun                               
0     0000cc0a  _LUF_ISR                                  
0     0000cc00  _LVF_ISR                                  
0     0000caca  _MRINTA_ISR                               
0     0000cad4  _MXINTA_ISR                               
1     00005000  _McbspaRegs                               
0     0000c8cc  _NMI_ISR                                  
1     00007060  _NmiIntruptRegs                           
0     0000cc21  _PIE_RESERVED                             
1     003d7e80  _PartIdRegs                               
1     00000ce0  _PieCtrlRegs                              
1     00000d00  _PieVectTable                             
1     000120aa  _PieVectTableInit                         
0     0000c8b8  _RTOSINT_ISR                              
0     0000cb2e  _SCIRXINTA_ISR                            
0     0000cb42  _SCIRXINTB_ISR                            
0     0000cb38  _SCITXINTA_ISR                            
0     0000cb4c  _SCITXINTB_ISR                            
0     0000caa2  _SPIRXINTA_ISR                            
0     0000cab6  _SPIRXINTB_ISR                            
0     0000caac  _SPITXINTA_ISR                            
0     0000cac0  _SPITXINTB_ISR                            
1     00007050  _SciaRegs                                 
1     00007750  _ScibRegs                                 
0     0000d1ef  _ServiceDog                               
1     00007040  _SpiaRegs                                 
1     00007740  _SpibRegs                                 
1     00007010  _SysCtrlRegs                              
1     00000985  _SysPwrCtrlRegs                           
0     0000c98a  _TINT0_ISR                                
0     0000d7d2  _TINT0_isr                                
0     0000ca98  _USB0_INT_ISR                             
0     0000c93a  _USER10_ISR                               
0     0000c944  _USER11_ISR                               
0     0000c94e  _USER12_ISR                               
0     0000c8e0  _USER1_ISR                                
0     0000c8ea  _USER2_ISR                                
0     0000c8f4  _USER3_ISR                                
0     0000c8fe  _USER4_ISR                                
0     0000c908  _USER5_ISR                                
0     0000c912  _USER6_ISR                                
0     0000c91c  _USER7_ISR                                
0     0000c926  _USER8_ISR                                
0     0000c930  _USER9_ISR                                
1     00004000  _Usb0Regs                                 
0     0000c994  _WAKEINT_ISR                              
0     0000c96c  _XINT1_ISR                                
0     0000c976  _XINT2_ISR                                
0     0000cbf6  _XINT3_ISR                                
1     00007070  _XIntruptRegs                             
0     0000d32f  _XtalOscSel                               
1     00000202  __STACK_END                               
abs   00000200  __STACK_SIZE                              
1     000120a4  ___TI_cleanup_ptr                         
1     000120a6  ___TI_dtors_ptr                           
1     000120a2  ___TI_enable_exit_profile_output          
abs   ffffffff  ___TI_pprof_out_hndl                      
abs   ffffffff  ___TI_prof_data_size                      
abs   ffffffff  ___TI_prof_data_start                     
abs   ffffffff  ___binit__                                
1     0000e000  ___bss__                                  
abs   ffffffff  ___c_args__                               
0     00008800  ___cinit__                                
1     0000e000  ___data__                                 
1     0000e000  ___edata__                                
1     0000e000  ___end__                                  
0     0000da4a  ___etext__                                
abs   ffffffff  ___pinit__                                
0     0000c89a  ___text__                                 
0     0000d9ff  __args_main                               
1     0001207e  __lock                                    
0     0000da34  __nop                                     
0     0000da30  __register_lock                           
0     0000da2c  __register_unlock                         
1     00000002  __stack                                   
0     0000da49  __system_post_cinit                       
0     0000da47  __system_pre_init                         
1     000120a8  __unlock                                  
0     0000d926  _abort                                    
0     0000da45  _bootloaderBackgroundTask                 
0     0000da46  _bootloaderInit                           
0     0000da44  _c2000_flash_init                         
0     0000d77c  _c_int00                                  
0     0000d8ce  _config_ADC_SOC0                          
0     0000d9c1  _config_ePWM_GPIO                         
0     0000d85a  _configureTimer0                          
0     0000d99d  _copy_in                                  
0     0000d889  _disableTimer0Interrupt                   
0     0000d881  _enableTimer0Interrupt                    
0     0000d928  _exit                                     
0     0000d725  _floor                                    
0     0000d725  _floorf                                   
0     0000d468  _fmod                                     
0     0000d468  _fmodf                                    
0     0000da41  _globalInterruptDisable                   
0     0000da3d  _globalInterruptEnable                    
0     0000d897  _init_board                               
0     0000ccd6  _intrp1d_s16s32s32u32u64n48l_f            
0     0000cc70  _intrp1d_s32s64s64u32u64n32l_f            
1     0001207c  _isRateRunning                            
0     0000d5ee  _main                                     
0     0000d9e1  _memcpy                                   
1     0001207a  _need2runFlags                            
0     0000cc9c  _plook_u32u16u64n48_evenc_f               
0     0000cc35  _plook_u32u32u64n32_evenc_f               
0     0000cc2b  _rsvd_ISR                                 
0     0000d816  _rtGetInf                                 
0     0000d82f  _rtGetInfF                                
0     0000d838  _rtGetMinusInf                            
0     0000d851  _rtGetMinusInfF                           
0     0000d8fc  _rtGetNaN                                 
0     0000d915  _rtGetNaNF                                
1     0001206e  _rtInf                                    
1     00012074  _rtInfF                                   
0     0000d6d9  _rtIsInf                                  
0     0000d6f1  _rtIsInfF                                 
0     0000d709  _rtIsNaN                                  
0     0000d717  _rtIsNaNF                                 
1     0001206c  _rtMinusInf                               
1     00012072  _rtMinusInfF                              
1     00012070  _rtNaN                                    
1     00012076  _rtNaNF                                   
0     0000d6b1  _rt_InitInfAndNaN                         
0     0000d5b9  _rt_OneStep                               
1     0001209a  _sinPWM_3f_mukdik_B                       
1     00012098  _sinPWM_3f_mukdik_DW                      
1     000121b4  _sinPWM_3f_mukdik_M                       
1     0001209e  _sinPWM_3f_mukdik_M_                      
1     0000e000  _sinPWM_3f_mukdik_P                       
0     0000ccf8  _sinPWM_3f_mukdik_SetEventsForThisBaseStep
0     0000ce8c  _sinPWM_3f_mukdik_initialize              
0     0000cd12  _sinPWM_3f_mukdik_step0                   
0     0000ce7b  _sinPWM_3f_mukdik_step1                   
0     0000cf9a  _sinPWM_3f_mukdik_terminate               
1     00012078  _stopRequested                            
abs   ffffffff  binit                                     
0     00008800  cinit                                     
0     00000000  code_start                                
1     0000e000  edata                                     
1     0000e000  end                                       
0     0000da4a  etext                                     
abs   ffffffff  pinit                                     


GLOBAL SYMBOLS: SORTED BY Symbol Address 

page  address   name                                      
----  -------   ----                                      
0     00000000  code_start                                
0     00008800  ___cinit__                                
0     00008800  cinit                                     
0     0000c89a  .text                                     
0     0000c89a  _INT13_ISR                                
0     0000c89a  ___text__                                 
0     0000c8a4  _INT14_ISR                                
0     0000c8ae  _DATALOG_ISR                              
0     0000c8b8  _RTOSINT_ISR                              
0     0000c8c2  _EMUINT_ISR                               
0     0000c8cc  _NMI_ISR                                  
0     0000c8d6  _ILLEGAL_ISR                              
0     0000c8e0  _USER1_ISR                                
0     0000c8ea  _USER2_ISR                                
0     0000c8f4  _USER3_ISR                                
0     0000c8fe  _USER4_ISR                                
0     0000c908  _USER5_ISR                                
0     0000c912  _USER6_ISR                                
0     0000c91c  _USER7_ISR                                
0     0000c926  _USER8_ISR                                
0     0000c930  _USER9_ISR                                
0     0000c93a  _USER10_ISR                               
0     0000c944  _USER11_ISR                               
0     0000c94e  _USER12_ISR                               
0     0000c958  _ADCINT1_ISR                              
0     0000c962  _ADCINT2_ISR                              
0     0000c96c  _XINT1_ISR                                
0     0000c976  _XINT2_ISR                                
0     0000c980  _ADCINT9_ISR                              
0     0000c98a  _TINT0_ISR                                
0     0000c994  _WAKEINT_ISR                              
0     0000c99e  _EPWM1_TZINT_ISR                          
0     0000c9a8  _EPWM2_TZINT_ISR                          
0     0000c9b2  _EPWM3_TZINT_ISR                          
0     0000c9bc  _EPWM4_TZINT_ISR                          
0     0000c9c6  _EPWM5_TZINT_ISR                          
0     0000c9d0  _EPWM6_TZINT_ISR                          
0     0000c9da  _EPWM7_TZINT_ISR                          
0     0000c9e4  _EPWM8_TZINT_ISR                          
0     0000c9ee  _EPWM1_INT_ISR                            
0     0000c9f8  _EPWM2_INT_ISR                            
0     0000ca02  _EPWM3_INT_ISR                            
0     0000ca0c  _EPWM4_INT_ISR                            
0     0000ca16  _EPWM5_INT_ISR                            
0     0000ca20  _EPWM6_INT_ISR                            
0     0000ca2a  _EPWM7_INT_ISR                            
0     0000ca34  _EPWM8_INT_ISR                            
0     0000ca3e  _ECAP1_INT_ISR                            
0     0000ca48  _ECAP2_INT_ISR                            
0     0000ca52  _ECAP3_INT_ISR                            
0     0000ca5c  _HRCAP1_INT_ISR                           
0     0000ca66  _HRCAP2_INT_ISR                           
0     0000ca70  _EQEP1_INT_ISR                            
0     0000ca7a  _EQEP2_INT_ISR                            
0     0000ca84  _HRCAP3_INT_ISR                           
0     0000ca8e  _HRCAP4_INT_ISR                           
0     0000ca98  _USB0_INT_ISR                             
0     0000caa2  _SPIRXINTA_ISR                            
0     0000caac  _SPITXINTA_ISR                            
0     0000cab6  _SPIRXINTB_ISR                            
0     0000cac0  _SPITXINTB_ISR                            
0     0000caca  _MRINTA_ISR                               
0     0000cad4  _MXINTA_ISR                               
0     0000cade  _DINTCH1_ISR                              
0     0000cae8  _DINTCH2_ISR                              
0     0000caf2  _DINTCH3_ISR                              
0     0000cafc  _DINTCH4_ISR                              
0     0000cb06  _DINTCH5_ISR                              
0     0000cb10  _DINTCH6_ISR                              
0     0000cb1a  _I2CINT1A_ISR                             
0     0000cb24  _I2CINT2A_ISR                             
0     0000cb2e  _SCIRXINTA_ISR                            
0     0000cb38  _SCITXINTA_ISR                            
0     0000cb42  _SCIRXINTB_ISR                            
0     0000cb4c  _SCITXINTB_ISR                            
0     0000cb56  _ECAN0INTA_ISR                            
0     0000cb60  _ECAN1INTA_ISR                            
0     0000cb6a  _ADCINT3_ISR                              
0     0000cb74  _ADCINT4_ISR                              
0     0000cb7e  _ADCINT5_ISR                              
0     0000cb88  _ADCINT6_ISR                              
0     0000cb92  _ADCINT7_ISR                              
0     0000cb9c  _ADCINT8_ISR                              
0     0000cba6  _CLA1_INT1_ISR                            
0     0000cbb0  _CLA1_INT2_ISR                            
0     0000cbba  _CLA1_INT3_ISR                            
0     0000cbc4  _CLA1_INT4_ISR                            
0     0000cbce  _CLA1_INT5_ISR                            
0     0000cbd8  _CLA1_INT6_ISR                            
0     0000cbe2  _CLA1_INT7_ISR                            
0     0000cbec  _CLA1_INT8_ISR                            
0     0000cbf6  _XINT3_ISR                                
0     0000cc00  _LVF_ISR                                  
0     0000cc0a  _LUF_ISR                                  
0     0000cc14  _EMPTY_ISR                                
0     0000cc21  _PIE_RESERVED                             
0     0000cc2b  _rsvd_ISR                                 
0     0000cc35  _plook_u32u32u64n32_evenc_f               
0     0000cc70  _intrp1d_s32s64s64u32u64n32l_f            
0     0000cc9c  _plook_u32u16u64n48_evenc_f               
0     0000ccd6  _intrp1d_s16s32s32u32u64n48l_f            
0     0000ccf8  _sinPWM_3f_mukdik_SetEventsForThisBaseStep
0     0000cd12  _sinPWM_3f_mukdik_step0                   
0     0000ce7b  _sinPWM_3f_mukdik_step1                   
0     0000ce8c  _sinPWM_3f_mukdik_initialize              
0     0000cf9a  _sinPWM_3f_mukdik_terminate               
0     0000cf9b  _InitAdc                                  
0     0000cfc6  _InitAdcAio                               
0     0000cfe8  _AdcOffsetSelfCal                         
0     0000d00f  _AdcChanSelect                            
0     0000d084  _AdcConversion                            
0     0000d1d5  _InitSysCtrl                              
0     0000d1ef  _ServiceDog                               
0     0000d1f9  _DisableDog                               
0     0000d201  _InitPll                                  
0     0000d256  _InitPll2                                 
0     0000d284  _InitPeripheralClocks                     
0     0000d2da  _CsmUnlock                                
0     0000d30b  _IntOsc1Sel                               
0     0000d31b  _IntOsc2Sel                               
0     0000d32f  _XtalOscSel                               
0     0000d34b  _ExtOscSel                                
0     0000d361  LL$$DIV                                   
0     0000d39d  LL$$MOD                                   
0     0000d3d7  ULL$$DIV                                  
0     0000d406  ULL$$MOD                                  
0     0000d468  _fmod                                     
0     0000d468  _fmodf                                    
0     0000d531  FS$$DIV                                   
0     0000d5b9  _rt_OneStep                               
0     0000d5ee  _main                                     
0     0000d63b  _InitCpuTimers                            
0     0000d676  _ConfigCpuTimer                           
0     0000d6b1  _rt_InitInfAndNaN                         
0     0000d6d9  _rtIsInf                                  
0     0000d6f1  _rtIsInfF                                 
0     0000d709  _rtIsNaN                                  
0     0000d717  _rtIsNaNF                                 
0     0000d725  _floor                                    
0     0000d725  _floorf                                   
0     0000d77c  _c_int00                                  
0     0000d7d2  _TINT0_isr                                
0     0000d816  _rtGetInf                                 
0     0000d82f  _rtGetInfF                                
0     0000d838  _rtGetMinusInf                            
0     0000d851  _rtGetMinusInfF                           
0     0000d85a  _configureTimer0                          
0     0000d881  _enableTimer0Interrupt                    
0     0000d889  _disableTimer0Interrupt                   
0     0000d897  _init_board                               
0     0000d8ce  _config_ADC_SOC0                          
0     0000d8fc  _rtGetNaN                                 
0     0000d915  _rtGetNaNF                                
0     0000d926  C$$EXIT                                   
0     0000d926  _abort                                    
0     0000d928  _exit                                     
0     0000d94f  _InitPieCtrl                              
0     0000d96e  _EnableInterrupts                         
0     0000d977  _InitPieVectTable                         
0     0000d99d  _copy_in                                  
0     0000d9c1  _config_ePWM_GPIO                         
0     0000d9e1  _memcpy                                   
0     0000d9ff  __args_main                               
0     0000da18  LL$$MPY                                   
0     0000da2c  __register_unlock                         
0     0000da30  __register_lock                           
0     0000da34  __nop                                     
0     0000da3d  _globalInterruptEnable                    
0     0000da41  _globalInterruptDisable                   
0     0000da44  _c2000_flash_init                         
0     0000da45  _bootloaderBackgroundTask                 
0     0000da46  _bootloaderInit                           
0     0000da47  __system_pre_init                         
0     0000da49  __system_post_cinit                       
0     0000da4a  _DSP28x_usDelay                           
0     0000da4a  ___etext__                                
0     0000da4a  etext                                     
1     00000002  __stack                                   
1     00000202  __STACK_END                               
1     00000880  _DevEmuRegs                               
1     00000985  _SysPwrCtrlRegs                           
1     00000a80  _FlashRegs                                
1     00000ae0  _CsmRegs                                  
1     00000b00  _AdcResult                                
1     00000c00  _CpuTimer0Regs                            
1     00000c08  _CpuTimer1Regs                            
1     00000c10  _CpuTimer2Regs                            
1     00000ce0  _PieCtrlRegs                              
1     00000d00  _EmuKey                                   
1     00000d00  _PieVectTable                             
1     00000d01  _EmuBMode                                 
1     00000d02  _Flash_CallbackPtr                        
1     00000d04  _Flash_CPUScaleFactor                     
1     00001000  _DmaRegs                                  
1     00001400  _Cla1Regs                                 
1     00004000  _Usb0Regs                                 
1     00005000  _McbspaRegs                               
1     00006000  _ECanaRegs                                
1     00006040  _ECanaLAMRegs                             
1     00006080  _ECanaMOTSRegs                            
1     000060c0  _ECanaMOTORegs                            
1     00006100  _ECanaMboxes                              
1     00006400  _Comp1Regs                                
1     00006420  _Comp2Regs                                
1     00006440  _Comp3Regs                                
1     00006800  _EPwm1Regs                                
1     00006840  _EPwm2Regs                                
1     00006880  _EPwm3Regs                                
1     000068c0  _EPwm4Regs                                
1     00006900  _EPwm5Regs                                
1     00006940  _EPwm6Regs                                
1     00006980  _EPwm7Regs                                
1     000069c0  _EPwm8Regs                                
1     00006a00  _ECap1Regs                                
1     00006a20  _ECap2Regs                                
1     00006a40  _ECap3Regs                                
1     00006ac0  _HRCap1Regs                               
1     00006ae0  _HRCap2Regs                               
1     00006b00  _EQep1Regs                                
1     00006b40  _EQep2Regs                                
1     00006c80  _HRCap3Regs                               
1     00006ca0  _HRCap4Regs                               
1     00006f80  _GpioCtrlRegs                             
1     00006fc0  _GpioDataRegs                             
1     00006fe0  _GpioIntRegs                              
1     00007010  _SysCtrlRegs                              
1     00007040  _SpiaRegs                                 
1     00007050  _SciaRegs                                 
1     00007060  _NmiIntruptRegs                           
1     00007070  _XIntruptRegs                             
1     00007100  _AdcRegs                                  
1     00007740  _SpibRegs                                 
1     00007750  _ScibRegs                                 
1     00007900  _I2caRegs                                 
1     0000e000  .bss                                      
1     0000e000  .data                                     
1     0000e000  ___bss__                                  
1     0000e000  ___data__                                 
1     0000e000  ___edata__                                
1     0000e000  ___end__                                  
1     0000e000  _sinPWM_3f_mukdik_P                       
1     0000e000  edata                                     
1     0000e000  end                                       
1     0001206c  _rtMinusInf                               
1     0001206e  _rtInf                                    
1     00012070  _rtNaN                                    
1     00012072  _rtMinusInfF                              
1     00012074  _rtInfF                                   
1     00012076  _rtNaNF                                   
1     00012078  _stopRequested                            
1     00012079  _IsrOverrun                               
1     0001207a  _need2runFlags                            
1     0001207c  _isRateRunning                            
1     0001207e  __lock                                    
1     00012080  _CpuTimer1                                
1     00012088  _CpuTimer2                                
1     00012090  _CpuTimer0                                
1     00012098  _sinPWM_3f_mukdik_DW                      
1     0001209a  _sinPWM_3f_mukdik_B                       
1     0001209e  _sinPWM_3f_mukdik_M_                      
1     000120a2  ___TI_enable_exit_profile_output          
1     000120a4  ___TI_cleanup_ptr                         
1     000120a6  ___TI_dtors_ptr                           
1     000120a8  __unlock                                  
1     000120aa  _PieVectTableInit                         
1     000121b4  _sinPWM_3f_mukdik_M                       
1     003d7e80  _PartIdRegs                               
1     003f7ff8  _CsmPwl                                   
abs   00000200  __STACK_SIZE                              
abs   ffffffff  ___TI_pprof_out_hndl                      
abs   ffffffff  ___TI_prof_data_size                      
abs   ffffffff  ___TI_prof_data_start                     
abs   ffffffff  ___binit__                                
abs   ffffffff  ___c_args__                               
abs   ffffffff  ___pinit__                                
abs   ffffffff  binit                                     
abs   ffffffff  pinit                                     

[277 symbols]
